15:08:52 test slot 99 wiped, owner's slot to restore: 1
15:09:04 state MainMenu
15:09:05 solo, slot 99
15:09:06 player: player
15:09:09 spawned GoldenGoblet(Clone) on the pile at 1004.0,0.6,0.0
15:09:12 grabbed GoldenGoblet(Clone) at 1004.0,0.3,0.0 from 1005.1,1.5,1.4
15:09:15 in the Lair: held GoldenGoblet(Clone) dragging True holders 1 rel 0.0,0.7,2.9 speed 0.00 at 1003.3,2.2,-0.9 body 1005.1,1.5,1.4
15:09:15 PASS the piece is held on the beam in the Lair
15:09:16 travelled through /LairRoom/MarketDoor to 1101.5,1.3,8.0
15:09:17 just through the door: held GoldenGoblet(Clone) dragging True holders 1 rel 0.0,0.7,2.9 speed 0.04 at 1101.5,2.2,5.1 body 1101.5,1.5,8.0
15:09:19 two seconds later: held GoldenGoblet(Clone) dragging True holders 1 rel 0.0,0.7,2.9 speed 0.00 at 1101.5,2.2,5.1 body 1101.5,1.5,8.0
15:09:19 PASS just through the Market door the piece sits at the same offset from the player, in their view frame
15:09:19 PASS still held after the door
15:09:20 PASS after the door it is slow, in the Market (x over 1050) and within 4 m of the player
15:09:20 PASS two seconds later it still hangs at that offset
15:09:21 capture: docs/generated/carry-travel-2026-10-07/solo6-holding-in-the-market.png
15:09:22 walking from (1101.50, 1.50, 8.00) to (1103.61, 1.51, -4.15)
15:09:29 held at the counter: held GoldenGoblet(Clone) dragging True holders 1 rel 0.0,0.7,1.5 speed 0.01 at 1103.5,2.2,-3.6 body 1103.2,1.5,-2.1
15:09:30 dropped
15:09:34 near GoldenGoblet(Clone) 1103.5,0.3,-3.6; 
15:09:34 counter box: Center: (1103.61, 1.51, -4.15), Extents: (0.91, 0.30, 0.84)
15:09:35 pieces 0
15:09:35 FAIL the dropped piece lies on the Goldsmith's counter (pieces 0)
15:10:00 line 
15:10:01 before: gold 0 debt 500
15:10:02 spoke Plus
15:10:05 line 
15:10:05 spoke Satis
15:10:08 line 
15:10:08 FAIL the haggle ends in a sale
15:10:10 pouches 0
15:10:10 FAIL the sale left one coin pouch
15:10:11 before: purse 0
15:10:11 no pouch
15:10:14 pouch in the Market: held none
15:10:15 travelled through /MarketYard/LairExit to 1002.2,1.3,-3.8
15:10:16 pouch just through the gate: held none
15:10:16 FAIL just through the gate the pouch sits at the same offset from the player
15:10:16 FAIL pouch still held after the gate
15:10:17 walking from (1002.20, 1.50, -3.80) to (1001.85, 0.81, 1.63)
15:10:21 held at the strongbox: held none
15:10:22 dropped
15:10:26 pouches 0
15:10:26 after: purse 0
15:10:26 PASS the pouch is banked and gone
15:10:27 FAIL purse 1 grew (purse 0 -> purse 0)
15:10:27 FAIL 6 carry-travel checks
15:10:27 cleaning up
15:10:28 active slot 1
