15:16:51 test slot 99 wiped, owner's slot to restore: 1
15:17:03 state MainMenu
15:17:04 solo, slot 99
15:17:05 player: player
15:17:08 spawned GoldenGoblet(Clone) on the pile at 1004.0,0.6,0.0
15:17:11 grabbed GoldenGoblet(Clone) at 1004.0,0.3,0.0 from 1005.1,1.5,1.4
15:17:14 in the Lair: held GoldenGoblet(Clone) dragging True holders 1 rel 0.0,0.7,2.9 speed 0.00 at 1003.3,2.2,-0.9 body 1005.1,1.5,1.4
15:17:14 PASS the piece is held on the beam in the Lair
15:17:15 travelled through /LairRoom/MarketDoor to 1101.5,1.3,8.0
15:17:15 just through the door: held GoldenGoblet(Clone) dragging True holders 1 rel 0.0,0.7,2.9 speed 0.10 at 1101.5,2.2,5.1 body 1101.5,1.5,8.0
15:17:18 two seconds later: held GoldenGoblet(Clone) dragging True holders 1 rel 0.0,0.7,2.9 speed 0.02 at 1101.5,2.2,5.1 body 1101.5,1.5,8.0
15:17:18 PASS just through the Market door the piece sits at the same offset from the player, in their view frame
15:17:18 PASS still held after the door
15:17:18 PASS after the door it is slow, in the Market (x over 1050) and within 4 m of the player
15:17:18 PASS two seconds later it still hangs at that offset
15:17:20 capture: docs/generated/carry-travel-2026-10-07/solo10-holding-in-the-market.png
15:17:20 walking from (1101.50, 1.50, 8.00) to (1103.61, 1.51, -4.15)
15:17:27 held at the counter: held GoldenGoblet(Clone) dragging True holders 1 rel 0.2,-0.1,2.3 speed 0.03 at 1103.3,1.4,-3.8 body 1103.1,1.5,-1.5
15:17:28 dropped
15:17:32 near GoldenGoblet(Clone) 1103.3,1.4,-3.8; 
15:17:32 colliders under the box centre: box trigger True on SellZone; MarketYard y0.31; SellZone y1.81; MarketCounter y1.31; MarketGoldsmithStall y2.71; at piece: MarketYard y0.31; 
15:17:33 counter box:Center: (1103.61, 1.51, -4.15), Extents: (0.91, 0.30, 0.84)
15:17:33 pieces 1
15:17:33 PASS the dropped piece lies on the Goldsmith's counter
15:17:58 line 
15:17:58 ahead at y1.45: SellZone z-3.83 trig True; GoldenGoblet(Clone) z-3.81 trig False;  zone size (1.86, 0.60, 0.62) centre (0.00, 0.00, 0.00) scale (1.00, 1.00, 1.00) rot (0.00, 318.99, 0.00)
15:17:59 haggle open:open False piece at (1103.31, 1.42, -3.81) speed 0 kinematic False carried False worth 150
15:17:59 before: gold 0 debt 500
15:18:00 spoke Plus
15:18:03 line 
15:18:03 spoke Satis
15:18:06 line 
15:18:06 FAIL the haggle ends in a sale
15:18:08 pouches 0
15:18:08 FAIL the sale left one coin pouch
15:18:08 before: purse 0
15:18:09 no pouch
15:18:12 pouch in the Market: held none
15:18:12 travelled through /MarketYard/LairExit to 1002.2,1.3,-3.8
15:18:13 pouch just through the gate: held none
15:18:13 FAIL just through the gate the pouch sits at the same offset from the player
15:18:13 FAIL pouch still held after the gate
15:18:14 walking from (1002.20, 1.50, -3.80) to (1001.85, 0.81, 1.63)
15:18:18 held at the strongbox: held none
15:18:19 dropped
15:18:23 pouches 0
15:18:23 after: purse 0
15:18:23 PASS the pouch is banked and gone
15:18:23 FAIL purse 1 grew (purse 0 -> purse 0)
15:18:23 FAIL 5 carry-travel checks
15:18:23 cleaning up
15:18:25 active slot 1
