15:05:21 test slot 99 wiped, owner's slot to restore: 1
15:05:32 state MainMenu
15:05:33 solo, slot 99
15:05:34 player: player
15:05:37 spawned GoldenGoblet(Clone) on the pile at 1004.0,0.6,0.0
15:05:40 grabbed GoldenGoblet(Clone) at 1004.0,0.3,0.0 from 1005.1,1.5,1.4
15:05:43 in the Lair: held GoldenGoblet(Clone) dragging True holders 1 rel 0.0,0.7,2.9 speed 0.00 at 1003.3,2.2,-0.9 body 1005.1,1.5,1.4
15:05:43 PASS the piece is held on the beam in the Lair
15:05:43 travelled through /LairRoom/MarketDoor to 1101.5,1.3,8.0
15:05:44 just through the door: held GoldenGoblet(Clone) dragging True holders 1 rel 0.0,0.7,2.9 speed 0.08 at 1101.5,2.2,5.1 body 1101.5,1.5,8.0
15:05:47 two seconds later: held GoldenGoblet(Clone) dragging True holders 1 rel 0.0,0.7,2.9 speed 0.00 at 1101.5,2.2,5.1 body 1101.5,1.5,8.0
15:05:47 PASS just through the Market door the piece sits at the same offset from the player, in their view frame
15:05:47 PASS still held after the door
15:05:47 PASS after the door it is slow, in the Market (x over 1050) and within 4 m of the player
15:05:47 PASS two seconds later it still hangs at that offset
15:05:49 capture: docs/generated/carry-travel-2026-10-07/solo4-holding-in-the-market.png
15:05:49 walking from (1101.50, 1.50, 8.00) to (1103.61, 1.51, -4.15)
15:05:56 held at the counter: held GoldenGoblet(Clone) dragging True holders 1 rel 0.0,0.7,2.1 speed 0.07 at 1103.5,2.2,-3.6 body 1103.1,1.5,-1.5
15:05:57 dropped
15:06:00 near GoldenGoblet(Clone) 1103.6,0.4,-3.6; 
15:06:01 counter box: Center: (1103.61, 1.51, -4.15), Extents: (0.91, 0.30, 0.84)
15:06:01 pieces 0
15:06:01 FAIL the dropped piece lies on the Goldsmith's counter (pieces 0)
15:06:26 line 
15:06:26 before: gold 0 debt 500
15:06:27 spoke Plus
15:06:29 line 
15:06:30 spoke Satis
15:06:33 line 
15:06:33 FAIL the haggle ends in a sale
15:06:34 pouches 0
15:06:34 FAIL the sale left one coin pouch
15:06:35 before: purse 0
15:06:36 no pouch
15:06:38 pouch in the Market: held none
15:06:39 travelled through /MarketYard/LairExit to 1002.2,1.3,-3.8
15:06:40 pouch just through the gate: held none
15:06:40 FAIL just through the gate the pouch sits at the same offset from the player
15:06:40 FAIL pouch still held after the gate
15:06:40 walking from (1002.20, 1.50, -3.80) to (1001.85, 0.81, 1.63)
15:06:45 held at the strongbox: held none
15:06:46 dropped
15:06:49 pouches 0
15:06:50 after: purse 0
15:06:50 PASS the pouch is banked and gone
15:06:50 FAIL purse 1 grew (purse 0 -> purse 0)
15:06:50 FAIL 6 carry-travel checks
15:06:50 cleaning up
15:06:51 active slot 1
