15:01:33 test slot 99 wiped, owner's slot to restore: 1
15:01:46 state MainMenu
15:01:47 solo, slot 99
15:01:48 player: player
15:01:51 spawned GoldenGoblet(Clone) on the pile at 1004.0,0.6,0.0
15:01:55 grabbed GoldenGoblet(Clone) at 1004.0,0.3,0.0 from 1005.1,1.5,1.4
15:01:58 in the Lair: held GoldenGoblet(Clone) dragging True holders 1 rel 0.0,0.7,2.9 speed 0.00 at 1003.3,2.2,-0.9 body 1005.1,1.5,1.4
15:01:58 PASS the piece is held on the beam in the Lair
15:01:59 travelled through /LairRoom/MarketDoor to 1101.5,1.3,8.0
15:02:00 just through the door: held GoldenGoblet(Clone) dragging True holders 1 rel 0.0,0.7,2.9 speed 0.01 at 1101.5,2.2,5.1 body 1101.5,1.5,8.0
15:02:03 two seconds later: held GoldenGoblet(Clone) dragging True holders 1 rel 0.0,0.7,2.9 speed 0.00 at 1101.5,2.2,5.1 body 1101.5,1.5,8.0
15:02:04 PASS just through the Market door the piece sits at the same offset from the player, in their view frame
15:02:04 PASS still held after the door
15:02:04 PASS after the door it is slow, in the Market (x over 1050) and within 4 m of the player
15:02:04 PASS two seconds later it still hangs at that offset
15:02:06 capture: docs/generated/carry-travel-2026-10-07/solo2-holding-in-the-market.png
15:02:07 [
 {
  "code": "COMMAND_FAILED",
  "message": "Compilation Failed\n  Cannot implicitly convert type 'System.Action' to 'UnityEditor.EditorApplication.CallbackFunction' (line 1, col 791)\n  Cannot implicitly convert type 'System.Action' to 'UnityEditor.EditorApplication.CallbackFunction' (line 1, col 1037)\n  Unreachable code detected (line 2, col 12)"
 }
]
15:02:14 held at the counter: held GoldenGoblet(Clone) dragging True holders 1 rel 0.0,0.7,2.9 speed 0.00 at 1101.5,2.2,5.1 body 1101.5,1.5,8.0
15:02:15 dropped
15:02:19 pieces 0
15:02:19 FAIL the dropped piece lies on the Goldsmith's counter (pieces 0)
15:02:49 line 
15:02:50 before: gold 0 debt 500
15:02:51 spoke Plus
15:02:54 line 
15:02:55 spoke Satis
15:02:58 line 
15:02:58 FAIL the haggle ends in a sale
15:03:00 pouches 0
15:03:00 FAIL the sale left one coin pouch
15:03:01 before: purse 0
15:03:02 no pouch
15:03:05 pouch in the Market: held none
15:03:06 travelled through /MarketYard/LairExit to 1002.2,1.3,-3.8
15:03:07 pouch just through the gate: held none
15:03:07 FAIL just through the gate the pouch sits at the same offset from the player
15:03:08 FAIL pouch still held after the gate
15:03:08 [
 {
  "code": "COMMAND_FAILED",
  "message": "Compilation Failed\n  Cannot implicitly convert type 'System.Action' to 'UnityEditor.EditorApplication.CallbackFunction' (line 1, col 673)\n  Cannot implicitly convert type 'System.Action' to 'UnityEditor.EditorApplication.CallbackFunction' (line 1, col 919)\n  Unreachable code detected (line 2, col 12)"
 }
]
15:03:13 held at the strongbox: held none
15:03:14 dropped
15:03:18 pouches 0
15:03:19 after: purse 0
15:03:19 PASS the pouch is banked and gone
15:03:19 FAIL purse 1 grew (purse 0 -> purse 0)
15:03:20 FAIL 6 carry-travel checks
15:03:20 cleaning up
15:03:21 active slot 1
