13:39:39 test slot 99 wiped, owner's slot to restore: 1
13:39:47 state MainMenu
13:39:48 solo, slot 99
13:39:49 player: player
13:39:49 to the Market: travelled
13:39:50 spawned GoldenGoblet(Clone) worth 150 at (1103.61, 1.61, -4.15); saved pile 
13:39:51 haggle: open
13:39:51 debt purse1 purse2 before the sale: 500 0 0
13:39:52 Satis: Sold
13:39:54 pouch coins 101 mass 1.01 lootvalue False carryable True at (1103.59, 1.38, -4.09)
13:39:54 PASS the sale left one carryable pouch with coins and no LootValue
13:39:54 sold piece gone: loot pieces 0
13:39:55 PouchCam at (1103.50, 1.83, -3.60)
13:39:56 capture: docs/generated/pouch-solo-2026-10-07/run3-pouch-on-counter.png
13:39:56 back in the Lair, pouch carried False
13:39:58 pouch (101 coins) set into StrongboxLid1 at (1001.85, 0.81, 1.63)
13:39:59 debt purse1 purse2 after the strongbox: 399 101 0 (pouches left: 0)
13:39:59 PASS strongbox 1 banked the pouch: purse 1 grew, purse 2 did not, the debt fell, the pouch is gone
13:39:59 saved purse 1 in slot 99: 101
13:39:59 PASS all pouch checks
13:39:59 cleaning up
13:40:00 active slot 1
