21:06:59 test slot 99 wiped, owner's slot to restore: 1
21:07:08 state MainMenu
21:07:09 solo, slot 99
21:07:10 player: player
21:07:11 heaviest entry: 6 15
21:07:12 spawned HeavyChest(Clone) on the pile at 1004.0,0.6,0.0
21:07:15 piece: HeavyChest(Clone) mass 15 too heavy alone True
21:07:15 PASS the piece is too heavy for one player to lift
21:07:16 travelled through /LairRoom/MarketDoor to 1101.5,1.3,8.0
21:07:19 set on the Goldsmith foot at (1102.99, 0.69, -3.44)
21:07:20 looking at the Goldsmith from 1103.3,1.5,-2.2
21:07:26 slate: line The Goldsmith | 216 coin. | <size=60%>1 Plus · 2 Satis · 3 Vale</size>
21:07:26 PASS a heavy piece on the floor at the counter's foot opens a haggle
21:07:26 capture: docs/generated/floor-sale-2026-10-07/heavy-piece-at-the-foot.png
21:07:27 spoke Satis
21:07:30 slate: line The Goldsmith | 216 coin, counted out. Done.
21:07:31 pouches 1 coins 216 mass 2.16 lootvalue False
21:07:31 heavy pieces left 0
21:07:32 PASS Satis sells it
21:07:32 PASS the sale left one coin pouch
21:07:32 PASS the piece is gone
21:07:32 PASS all floor-sale checks
21:07:32 cleaning up
21:07:33 active slot 1
