13:08:57 test slot 99 wiped, was on slot 99
13:08:57 build: no (auto)
13:09:05 host: state MainMenu local none
13:09:07 host: state LairRoom local 1005.2,1.5,1.5
13:09:07 client started (pid 36127)
13:09:16 client: state LairRoom local 1005.2,1.5,0.5
13:09:20 host: distance 0.00 from /LairRoom/PlayerSpawns/Spawn1 at 1005.2,0.3,1.5
13:09:20 PASS the host stands at Lair spawn 1
13:09:21 client: distance 0.00 from /LairRoom/PlayerSpawns/Spawn2 at 1005.2,0.3,0.5
13:09:21 PASS the client stands at Lair spawn 2
13:09:22 client: travelled through /LairRoom/MarketDoor to 1100.5,1.3,8.0
13:09:25 client: distance 0.00 from /MarketYard/PlayerSpawns/Spawn2 at 1100.5,0.3,8.0
13:09:25 PASS the client's Market door leads to Market spawn 2
13:09:26 host: bodies 1005.2,1.5,1.5; 1100.5,1.5,8.0; 
13:09:26 PASS the host sees the client in the Market
13:09:27 client: travelled through /MarketYard/LairExit to 1001.2,1.3,-3.8
13:09:31 client: distance 0.00 from /LairRoom/MarketDoorArrivals/Spawn2 at 1001.2,0.3,-3.8
13:09:31 PASS the client's way out leads back inside the Lair door
13:09:31 host before: pile 0 
13:09:32 castle: seed 777
13:09:34 host: state Playing local -8.5,1.5,-12.0
13:09:35 client: state Playing local -12.0,1.5,-8.5
13:09:39 host: on the pad 2
13:09:42 host: extracting
13:09:43 host: state LairRoom local 1005.2,1.5,1.5
13:09:44 client: state LairRoom local 1005.2,1.5,0.5
13:09:48 client: distance 0.00 from /LairRoom/PlayerSpawns/Spawn2 at 1005.2,0.3,0.5
13:09:48 PASS the client comes home to Lair spawn 2
13:09:50 host: pile 2 OxhideIngot(Clone) SealedAmphora(Clone)
13:09:50 client: pile 2 OxhideIngot(Clone) SealedAmphora(Clone)
13:09:50 PASS both see the same pile, grown by the two extracted pieces (0 -> 2)
13:09:53 client: travelled through /LairRoom/MarketDoor to 1100.5,1.3,8.0
13:09:56 client: looking at the Goldsmith from 1103.1,1.5,-2.2
13:09:57 host: put FaienceHippopotamus(Clone)
13:10:01 host: line The Goldsmith: 343 coin.
13:10:01 client: line The Goldsmith: 343 coin.
13:10:01 PASS both see the vendor's opening offer
13:10:01 host before: gold 0 debt 550
13:10:03 client: spoke Plus
13:10:07 host: line The Goldsmith: Very well. 377 coin.
13:10:07 client: line The Goldsmith: Very well. 377 coin.
13:10:07 PASS the client's Plus is answered, and both see the same line
13:10:09 client: spoke Satis
13:10:13 host: line The Goldsmith: 377 coin, counted out. Done.
13:10:13 client: line The Goldsmith: 377 coin, counted out. Done.
13:10:13 PASS the client's Satis sells it, and both see the same line
13:10:14 host after: gold 0 debt 173
13:10:14 PASS the host's gold and debt moved by the 377 coins sold
13:10:17 host: pieces 0
13:10:17 client: pieces 0
13:10:17 PASS the piece is gone on both sides
13:10:17 client log error lines: 0
13:10:17 PASS all Lair checks
13:10:17 cleaning up
13:10:22 
