13:07:02 test slot 99 wiped, was on slot 1
13:07:02 build: yes (auto)
13:07:02 building Build/DevTest
13:07:27 build Succeeded
13:07:35 host: state MainMenu local none
13:07:37 host: state LairRoom local 1005.2,1.5,1.5
13:07:37 client started (pid 35229)
13:07:45 client: state LairRoom local 1005.2,1.5,0.5
13:07:49 host: distance 0.00 from /LairRoom/PlayerSpawns/Spawn1 at 1005.2,0.3,1.5
13:07:49 PASS the host stands at Lair spawn 1
13:07:50 client: distance 0.00 from /LairRoom/PlayerSpawns/Spawn2 at 1005.2,0.3,0.5
13:07:50 PASS the client stands at Lair spawn 2
13:07:51 client: travelled through /LairRoom/MarketDoor to 1100.5,1.3,8.0
13:07:54 client: distance 0.00 from /MarketYard/PlayerSpawns/Spawn2 at 1100.5,0.3,8.0
13:07:54 PASS the client's Market door leads to Market spawn 2
13:07:55 host: bodies 1005.2,1.5,1.5; 1100.5,1.5,8.0; 
13:07:55 PASS the host sees the client in the Market
13:07:56 client: travelled through /MarketYard/LairExit to 1001.2,1.3,-3.8
13:08:00 client: distance 0.00 from /LairRoom/MarketDoorArrivals/Spawn2 at 1001.2,0.3,-3.8
13:08:00 PASS the client's way out leads back inside the Lair door
13:08:00 host before: pile 0 
13:08:01 castle: seed 777
13:08:03 host: state Playing local -8.5,1.5,-12.0
13:08:04 client: state Playing local -12.0,1.5,-8.5
13:08:08 host: on the pad 2
13:08:11 host: extracting
13:08:12 host: state LairRoom local 1005.2,1.5,1.5
13:08:13 client: state LairRoom local 1005.2,1.5,0.5
13:08:17 client: distance 0.00 from /LairRoom/PlayerSpawns/Spawn2 at 1005.2,0.3,0.5
13:08:17 PASS the client comes home to Lair spawn 2
13:08:19 host: pile 2 OxhideIngot(Clone) OxhideIngot(Clone)
13:08:19 client: pile 2 OxhideIngot(Clone) OxhideIngot(Clone)
13:08:19 PASS both see the same pile, grown by the two extracted pieces (0 -> 2)
13:08:21 client: travelled through /LairRoom/MarketDoor to 1100.5,1.3,8.0
13:08:25 client: looking at the Goldsmith from 1103.1,1.5,-2.2
13:08:25 host: put FaienceHippopotamus(Clone)
13:08:29 host: line The Goldsmith: 285 coin.
13:08:29 client: line The Goldsmith: 285 coin.
13:08:29 PASS both see the vendor's opening offer
13:08:30 host before: gold 0 debt 550
13:08:31 client: spoke Plus
13:08:35 host: line The Goldsmith: Very well. 314 coin.
13:08:35 client: line The Goldsmith: Very well. 314 coin.
13:08:35 PASS the client's Plus is answered, and both see the same line
13:08:37 client: spoke Satis
13:08:41 host: line The Goldsmith: 314 coin, counted out. Done.
13:08:41 client: line The Goldsmith: 314 coin, counted out. Done.
13:08:41 PASS the client's Satis sells it, and both see the same line
13:08:42 host after: gold 0 debt 236
13:08:42 PASS the host's gold and debt moved by the 314 coins sold
13:08:45 host: pieces 0
13:08:45 client: pieces 0
13:08:45 PASS the piece is gone on both sides
13:08:45 client log error lines: 0
13:08:45 PASS all Lair checks
13:08:45 cleaning up
13:08:50 
