14:04:05 test slot 99 wiped, owner's slot to restore: 1
14:04:05 before: slot1 debt 300 gold 0 purses 0 0 0 0
14:04:05 build: no (auto)
14:04:15 host: state MainMenu local none
14:04:17 host: state LairRoom local 1005.2,1.5,1.5
14:04:17 client started (pid 48435)
14:04:25 client: state LairRoom local 1005.2,1.5,0.5
14:04:29 host: distance 0.00 from /LairRoom/PlayerSpawns/Spawn1 at 1005.2,0.3,1.5
14:04:29 PASS the host stands at Lair spawn 1
14:04:30 client: distance 0.00 from /LairRoom/PlayerSpawns/Spawn2 at 1005.2,0.3,0.5
14:04:30 PASS the client stands at Lair spawn 2
14:04:31 client: travelled through /LairRoom/MarketDoor to 1100.5,1.3,8.0
14:04:35 client: distance 0.00 from /MarketYard/PlayerSpawns/Spawn2 at 1100.5,0.3,8.0
14:04:35 PASS the client's Market door leads to Market spawn 2
14:04:36 host: bodies 1005.2,1.5,1.5; 1100.5,1.5,8.0; 
14:04:36 PASS the host sees the client in the Market
14:04:37 client: travelled through /MarketYard/LairExit to 1001.2,1.3,-3.8
14:04:40 client: distance 0.00 from /LairRoom/MarketDoorArrivals/Spawn2 at 1001.2,0.3,-3.8
14:04:40 PASS the client's way out leads back inside the Lair door
14:04:41 host before: pile 0 
14:04:41 castle: seed 777
14:04:43 host: state Playing local -8.5,1.5,-12.0
14:04:44 client: state Playing local -12.0,1.5,-8.5
14:04:48 host: on the pad 2
14:04:51 host: extracting
14:04:52 host: state LairRoom local 1005.2,1.5,1.5
14:04:53 client: state LairRoom local 1005.2,1.5,0.5
14:04:57 client: distance 0.00 from /LairRoom/PlayerSpawns/Spawn2 at 1005.2,0.3,0.5
14:04:57 PASS the client comes home to Lair spawn 2
14:04:59 host: pile 2 OxhideIngot(Clone) TripodCauldron(Clone)
14:04:59 client: pile 2 OxhideIngot(Clone) TripodCauldron(Clone)
14:04:59 PASS both see the same pile, grown by the two extracted pieces (0 -> 2)
14:05:01 client: travelled through /LairRoom/MarketDoor to 1100.5,1.3,8.0
14:05:05 client: looking at the Goldsmith from 1103.1,1.5,-2.2
14:05:06 host: put FaienceHippopotamus(Clone)
14:05:09 host: line The Goldsmith: 316 coin.
14:05:09 client: line The Goldsmith: 316 coin.
14:05:09 PASS both see the vendor's opening offer
14:05:10 host before: gold 0 debt 550
14:05:11 client: spoke Plus
14:05:15 host: line The Goldsmith: Very well. 347 coin.
14:05:15 client: line The Goldsmith: Very well. 347 coin.
14:05:16 PASS the client's Plus is answered, and both see the same line
14:05:18 client: spoke Satis
14:05:22 host: line The Goldsmith: 347 coin, counted out. Done.
14:05:22 client: line The Goldsmith: 347 coin, counted out. Done.
14:05:22 PASS the client's Satis sells it, and both see the same line
14:05:23 host after: gold 0 debt 550
14:05:23 PASS the sale banked nothing yet: the host's gold and debt did not move
14:05:26 host: pieces 0
14:05:26 client: pieces 0
14:05:26 PASS the piece is gone on both sides
14:05:28 host: pouches 1 coins 347 mass 3.47 lootvalue False
14:05:28 client: pouches 1 coins 347 mass 3.47 lootvalue False
14:05:28 PASS both see one pouch holding the 347 coins sold, and it is not loot
14:05:30 host before: purse 0 / strongbox 1: purse 0
14:05:30 host: pouch set into strongbox 2 at 1001.2,0.8,1.6
14:05:35 host: pouches 0
14:05:35 client: pouches 0
14:05:35 PASS the pouch is gone on both sides after strongbox 2
14:05:37 host after: purse 347 / strongbox 1: purse 0
14:05:37 PASS purse 2 grew by the 347 coins sold and purse 1 did not
14:05:38 host after the box: gold 0 debt 550
14:05:38 PASS banking the pouch paid no debt: the host's gold and debt did not move (gold 0 debt 550)
14:05:39 host: banked 100 into purse 1
14:05:40 host before setting out: debt 550 purses 100 347 0 0 paid 0 0 0 0 present 1 1 0 0 line The Collector finds the purses empty.
14:05:41 host: state Playing local -8.5,1.5,-12.0
14:05:42 client: state Playing local 1103.1,1.5,-2.2
14:05:43 host after setting out: debt 225 purses 0 72 0 0 paid 100 275 0 0 present 1 1 0 0 line The Collector takes 100 from I, 275 from II.
14:05:43 expected debt 225.0 purses [0, 72] paid [100, 275] share 275
14:05:43 PASS each present wizard paid min(purse, half the debt left), the debt fell by the sum (then +50), and the Collector said so
14:05:44 host: slot1 debt 300 gold 0 purses 0 0 0 0
14:05:44 PASS the owner's slot 1 is unchanged by the check (slot1 debt 300 gold 0 purses 0 0 0 0)
14:05:44 client log error lines: 0
14:05:44 PASS all Lair checks
14:05:44 cleaning up
14:05:49 active slot 1
