14:00:01 test slot 99 wiped, owner's slot to restore: 1
14:00:02 before: slot1 debt 300 gold 0 purses 0 0 0 0
14:00:02 build: yes (auto)
14:00:02 building Build/DevTest
14:00:25 build Succeeded
14:00:35 host: state MainMenu local none
14:00:36 host: state LairRoom local 1005.2,1.5,1.5
14:00:36 client started (pid 45956)
14:00:45 client: state LairRoom local 44.5,1.3,1.6
14:00:48 host: distance 0.00 from /LairRoom/PlayerSpawns/Spawn1 at 1005.2,0.3,1.5
14:00:48 PASS the host stands at Lair spawn 1
14:00:49 client: distance 0.00 from /LairRoom/PlayerSpawns/Spawn2 at 1005.2,0.3,0.5
14:00:49 PASS the client stands at Lair spawn 2
14:00:51 client: travelled through /LairRoom/MarketDoor to 1100.5,1.3,8.0
14:00:54 client: distance 0.00 from /MarketYard/PlayerSpawns/Spawn2 at 1100.5,0.3,8.0
14:00:54 PASS the client's Market door leads to Market spawn 2
14:00:54 host: bodies 1005.2,1.5,1.5; 1100.5,1.5,8.0; 
14:00:54 PASS the host sees the client in the Market
14:00:55 client: travelled through /MarketYard/LairExit to 1001.2,1.3,-3.8
14:00:59 client: distance 0.00 from /LairRoom/MarketDoorArrivals/Spawn2 at 1001.2,0.3,-3.8
14:00:59 PASS the client's way out leads back inside the Lair door
14:00:59 host before: pile 0 
14:01:00 castle: seed 777
14:01:01 host: state Playing local -8.5,1.5,-12.0
14:01:02 client: state Playing local -12.0,1.5,-8.5
14:01:06 host: on the pad 2
14:01:09 host: extracting
14:01:10 host: state LairRoom local 1005.2,1.5,1.5
14:01:11 client: state LairRoom local 1005.2,1.5,0.5
14:01:15 client: distance 0.00 from /LairRoom/PlayerSpawns/Spawn2 at 1005.2,0.3,0.5
14:01:15 PASS the client comes home to Lair spawn 2
14:01:17 host: pile 2 OxhideIngot(Clone) TripodCauldron(Clone)
14:01:17 client: pile 2 OxhideIngot(Clone) TripodCauldron(Clone)
14:01:17 PASS both see the same pile, grown by the two extracted pieces (0 -> 2)
14:01:19 client: travelled through /LairRoom/MarketDoor to 1100.5,1.3,8.0
14:01:22 client: looking at the Goldsmith from 1103.1,1.5,-2.2
14:01:23 host: put FaienceHippopotamus(Clone)
14:01:26 host: line The Goldsmith: 345 coin.
14:01:26 client: line The Goldsmith: 345 coin.
14:01:26 PASS both see the vendor's opening offer
14:01:27 host before: gold 0 debt 550
14:01:28 client: spoke Plus
14:01:32 host: line The Goldsmith: Very well. 380 coin.
14:01:32 client: line The Goldsmith: Very well. 380 coin.
14:01:32 PASS the client's Plus is answered, and both see the same line
14:01:34 client: spoke Satis
14:01:38 host: line The Goldsmith: 380 coin, counted out. Done.
14:01:38 client: line The Goldsmith: 380 coin, counted out. Done.
14:01:38 PASS the client's Satis sells it, and both see the same line
14:01:39 host after: gold 0 debt 550
14:01:39 PASS the sale banked nothing yet: the host's gold and debt did not move
14:01:42 host: pieces 0
14:01:42 client: pieces 0
14:01:42 PASS the piece is gone on both sides
14:01:44 host: pouches 1 coins 380 mass 3.80 lootvalue False
14:01:44 client: pouches 1 coins 380 mass 3.80 lootvalue False
14:01:44 PASS both see one pouch holding the 380 coins sold, and it is not loot
14:01:45 host before: purse 0 / strongbox 1: purse 0
14:01:46 host: pouch set into strongbox 2 at 1001.2,0.8,1.6
14:01:51 host: pouches 0
14:01:51 client: pouches 0
14:01:51 PASS the pouch is gone on both sides after strongbox 2
14:01:52 host after: purse 380 / strongbox 1: purse 0
14:01:52 PASS purse 2 grew by the 380 coins sold and purse 1 did not
14:01:53 host after the box: gold 0 debt 550
14:01:53 PASS banking the pouch paid no debt: the host's gold and debt did not move (gold 0 debt 550)
14:01:54 host: banked 400 into purse 1
14:01:54 host before setting out: debt 550 purses 400 380 0 0 paid 0 0 0 0 present 1 1 0 0 line The Collector finds the purses empty.
14:01:56 host: state Playing local -8.5,1.5,-12.0
14:01:57 client: state Playing local 1103.1,1.5,-2.2
14:01:58 host after setting out: debt 0 purses 125 105 0 0 paid 275 275 0 0 present 1 1 0 0 line The Collector takes 275 from I, 275 from II.
14:01:58 expected debt 0.0 purses [125, 105] paid [275, 275] share 275
14:01:58 PASS each present wizard paid min(purse, half the debt left), the debt fell by the sum (then +50), and the Collector said so
14:01:58 host: slot1 debt 300 gold 0 purses 0 0 0 0
14:01:59 PASS the owner's slot 1 is unchanged by the check (slot1 debt 300 gold 0 purses 0 0 0 0)
14:01:59 client log error lines: 0
14:01:59 PASS all Lair checks
14:01:59 cleaning up
14:02:04 active slot 1
