19:47:39 test slot 99 wiped, owner's slot to restore: 1
19:47:40 before: slot1 debt 500 gold 0 purses 0 0 0 0
19:47:40 build: yes (auto)
19:47:40 building Build/DevTest
19:48:03 build Succeeded
19:48:11 host: state MainMenu local none
19:48:12 host: state LairRoom local 1005.2,1.5,1.5
19:48:12 client started (pid 23233)
19:48:21 client: state LairRoom local 44.5,1.3,1.6
19:48:25 client's own save before: slot 1 saved debt 840 gold 0 purses 0 0 0 0 paid 0 0 0 0
19:48:26 host: distance 0.00 from /LairRoom/PlayerSpawns/Spawn1 at 1005.2,0.3,1.5
19:48:26 PASS the host stands at Lair spawn 1
19:48:27 client: distance 0.00 from /LairRoom/PlayerSpawns/Spawn2 at 1005.2,0.3,0.5
19:48:27 PASS the client stands at Lair spawn 2
19:48:28 client: travelled through /LairRoom/MarketDoor to 1100.5,1.3,8.0
19:48:31 client: distance 0.00 from /MarketYard/PlayerSpawns/Spawn2 at 1100.5,0.3,8.0
19:48:31 PASS the client's Market door leads to Market spawn 2
19:48:32 host: bodies 1100.5,1.5,8.0; 1005.2,1.5,1.5; 
19:48:32 PASS the host sees the client in the Market
19:48:33 client: travelled through /MarketYard/LairExit to 1001.2,1.3,-3.8
19:48:36 client: distance 0.00 from /LairRoom/MarketDoorArrivals/Spawn2 at 1001.2,0.3,-3.8
19:48:36 PASS the client's way out leads back inside the Lair door
19:48:37 host: chose LateMedieval
19:48:42 host: dial LateMedieval [<size=170%>Late Medieval</size>/Stratum III · c. 1450//Fortresses within fortresses, built by men who had you in mind. They hunt in pairs.]
19:48:42 client: dial LateMedieval [<size=170%>Late Medieval</size>/Stratum III · c. 1450//Fortresses within fortresses, built by men who had you in mind. They hunt in pairs.]
19:48:42 PASS the client's dial and plaque follow the host's choice of the Late Medieval
19:48:44 host: chose BronzeAge
19:48:48 client: dial BronzeAge [<size=170%>Bronze Age</size>/Stratum I · c. 1200 BC//Painted plaster, grain stores, and kings who are also gods. Fire runs faster here.]
19:48:48 PASS the client's dial follows the host back to the Bronze Age
19:48:49 host before: pile 0 
19:48:49 castle: seed 777
19:48:51 host: state Playing local -8.5,1.5,-12.0
19:48:52 client: state Playing local -12.0,1.5,-8.5
19:48:56 host: on the pad 2
19:48:58 host: extracting
19:48:59 host: state LairRoom local 1005.2,1.5,1.5
19:49:00 client: state LairRoom local 1005.2,1.5,0.5
19:49:05 client: distance 0.00 from /LairRoom/PlayerSpawns/Spawn2 at 1005.2,0.3,0.5
19:49:05 PASS the client comes home to Lair spawn 2
19:49:07 host: pile 2 GoldDeathMask(Clone) RoundShield(Clone)
19:49:07 client: pile 2 GoldDeathMask(Clone) RoundShield(Clone)
19:49:07 PASS both see the same pile, grown by the two extracted pieces (0 -> 2)
19:49:09 client: travelled through /LairRoom/MarketDoor to 1100.5,1.3,8.0
19:49:12 client: looking at the Goldsmith from 1103.1,1.5,-2.2
19:49:13 host: put FaienceHippopotamus(Clone)
19:49:17 host: line The Goldsmith: 308 coin.
19:49:17 client: line The Goldsmith: 308 coin.
19:49:17 PASS both see the vendor's opening offer
19:49:18 host before: gold 0 debt 550
19:49:19 client: spoke Plus
19:49:23 host: line The Goldsmith: Very well. 338 coin.
19:49:23 client: line The Goldsmith: Very well. 338 coin.
19:49:23 PASS the client's Plus is answered, and both see the same line
19:49:25 client: spoke Satis
19:49:29 host: line The Goldsmith: 338 coin, counted out. Done.
19:49:29 client: line The Goldsmith: 338 coin, counted out. Done.
19:49:29 PASS the client's Satis sells it, and both see the same line
19:49:30 host after: gold 0 debt 550
19:49:30 PASS the sale banked nothing yet: the host's gold and debt did not move
19:49:33 host: pieces 0
19:49:33 client: pieces 0
19:49:33 PASS the piece is gone on both sides
19:49:35 host: pouches 1 coins 338 mass 3.38 lootvalue False
19:49:35 client: pouches 1 coins 338 mass 3.38 lootvalue False
19:49:35 PASS both see one pouch holding the 338 coins sold, and it is not loot
19:49:37 host before: purse 0 / strongbox 1: purse 0
19:49:38 host: pouch set into strongbox 2 at 1001.2,0.8,1.6
19:49:43 host: pouches 0
19:49:43 client: pouches 0
19:49:43 PASS the pouch is gone on both sides after strongbox 2
19:49:44 host after: purse 338 / strongbox 1: purse 0
19:49:44 PASS purse 2 grew by the 338 coins sold and purse 1 did not
19:49:45 host after the box: gold 0 debt 550
19:49:45 PASS banking the pouch paid no debt: the host's gold and debt did not move (gold 0 debt 550)
19:49:46 host: banked 100 into purse 1
19:49:47 host before setting out: debt 550 purses 100 338 0 0 paid 0 0 0 0 present 1 1 0 0 line The Collector finds the purses empty.
19:49:48 host: state Playing local -8.5,1.5,-12.0
19:49:49 client: state Playing local 1103.1,1.5,-2.2
19:49:50 host after setting out: debt 225 purses 0 63 0 0 paid 100 275 0 0 present 1 1 0 0 line The Collector takes 100 from I, 275 from II.
19:49:50 expected debt 225.0 purses [0, 63] paid [100, 275] share 275
19:49:50 PASS each present wizard paid min(purse, half the debt left), the debt fell by the sum (then +50), and the Collector said so
19:49:54 client ledger: debt 225 purses 0 63 0 0 paid 100 275 0 0 present 1 1 0 0 line The Collector takes 100 from I, 275 from II.
19:49:54 host ledger:   debt 225 purses 0 63 0 0 paid 100 275 0 0 present 1 1 0 0 line The Collector takes 100 from I, 275 from II.
19:49:54 PASS the client's Lair shows the host's ledger exactly, Collector's line included
19:49:56 host book:   book left [<size=130%>Owed</size>/<size=220%>225</size>/the debt grows by 50 each raid it stands//<size=130%>Last raid</size>/Brought home 1,470 coin · 2 left behind] right [<size=130%>Purses</size>/I  Purse 0/    Owes 113  Paid 100/II  Purse 63/    Owes 113  Paid 275//The Collector takes 100 from I, 275 from II.]
19:49:56 client book: book left [<size=130%>Owed</size>/<size=220%>225</size>/the debt grows by 50 each raid it stands//<size=130%>Last raid</size>/Brought home 1,470 coin · 2 left behind] right [<size=130%>Purses</size>/I  Purse 0/    Owes 113  Paid 100/II  Purse 63/    Owes 113  Paid 275//The Collector takes 100 from I, 275 from II.]
19:49:56 PASS the client's ledger book reads exactly as the host's, Collector's line included
19:49:57 client: lair screens shown 1
19:50:00 client's own save after: slot 1 saved debt 840 gold 0 purses 0 0 0 0 paid 0 0 0 0
19:50:00 PASS the client's own save slot is untouched (slot 1 saved debt 840 gold 0 purses 0 0 0 0 paid 0 0 0 0)
19:50:01 host: slot1 debt 500 gold 0 purses 0 0 0 0
19:50:01 PASS the owner's slot 1 is unchanged by the check (slot1 debt 500 gold 0 purses 0 0 0 0)
19:50:01 client log error lines: 0
19:50:01 PASS all Lair checks
19:50:01 cleaning up
19:50:06 active slot 1
