10:03:57 build: no (auto)
10:04:04 host: state MainMenu local none
10:04:05 host: state LairRoom local 1005.2,1.5,1.5
10:04:05 client started (pid 13517)
10:04:13 client: state LairRoom local 1005.2,1.5,0.5
10:04:16 host: distance 0.00 from /LairRoom/PlayerSpawns/Spawn1 at 1005.2,0.3,1.5
10:04:16 PASS the host stands at Lair spawn 1
10:04:17 client: distance 0.00 from /LairRoom/PlayerSpawns/Spawn2 at 1005.2,0.3,0.5
10:04:17 PASS the client stands at Lair spawn 2
10:04:18 client: travelled through /LairRoom/MarketDoor to 1100.5,1.3,8.0
10:04:21 client: distance 0.00 from /MarketYard/PlayerSpawns/Spawn2 at 1100.5,0.3,8.0
10:04:21 PASS the client's Market door leads to Market spawn 2
10:04:22 host: bodies 1100.5,1.5,8.0; 1005.2,1.5,1.5; 
10:04:22 PASS the host sees the client in the Market
10:04:23 client: travelled through /MarketYard/LairExit to 1001.2,1.3,-3.8
10:04:26 client: distance 0.00 from /LairRoom/MarketDoorArrivals/Spawn2 at 1001.2,0.3,-3.8
10:04:26 PASS the client's way out leads back inside the Lair door
10:04:27 castle: seed 777
10:04:28 host: state Playing local -8.5,1.5,-12.0
10:04:29 client: state Playing local -12.0,1.5,-8.5
10:04:32 host: on the pad 2
10:04:35 host: extracting
10:04:36 host: state LairRoom local 1005.2,1.5,1.5
10:04:37 client: state LairRoom local 1005.2,1.5,0.5
10:04:41 client: distance 0.00 from /LairRoom/PlayerSpawns/Spawn2 at 1005.2,0.3,0.5
10:04:41 PASS the client comes home to Lair spawn 2
10:04:42 host: pile 2 NautilusCup(Clone) VenetianMirror(Clone)
10:04:42 client: pile 2 NautilusCup(Clone) VenetianMirror(Clone)
10:04:42 PASS both see the same two-piece haul pile
10:04:43 client log error lines: 0
10:04:43 PASS all Lair checks
10:04:43 cleaning up
