19:32:56 test slot 99 wiped, owner's slot to restore: 1
19:32:57 before: slot1 debt 650 gold 0 purses 0 0 0 0
19:32:57 build: yes (auto)
19:32:57 building Build/DevTest
19:34:13 build Succeeded
19:34:21 host: state MainMenu local none
19:34:23 host: state LairRoom local 1005.2,1.5,1.5
19:34:23 client started (pid 19526)
19:34:41 client: state LairRoom local 1005.2,1.5,0.5
19:34:45 client's own save before: slot 1 saved debt 840 gold 0 purses 0 0 0 0 paid 0 0 0 0
19:34:46 host: distance 0.00 from /LairRoom/PlayerSpawns/Spawn1 at 1005.2,0.3,1.5
19:34:46 PASS the host stands at Lair spawn 1
19:34:48 client: distance 0.00 from /LairRoom/PlayerSpawns/Spawn2 at 1005.2,0.3,0.5
19:34:48 PASS the client stands at Lair spawn 2
19:34:49 client: travelled through /LairRoom/MarketDoor to 1100.5,1.3,8.0
19:34:53 client: distance 0.00 from /MarketYard/PlayerSpawns/Spawn2 at 1100.5,0.3,8.0
19:34:53 PASS the client's Market door leads to Market spawn 2
19:34:54 host: bodies 1005.2,1.5,1.5; 1100.5,1.5,8.0; 
19:34:54 PASS the host sees the client in the Market
19:34:55 client: travelled through /MarketYard/LairExit to 1001.2,1.3,-3.8
19:34:59 client: distance 0.00 from /LairRoom/MarketDoorArrivals/Spawn2 at 1001.2,0.3,-3.8
19:34:59 PASS the client's way out leads back inside the Lair door
19:35:00 host before: pile 0 
19:35:00 castle: seed 777
19:35:02 host: state Playing local -8.5,1.5,-12.0
19:35:03 client: state Playing local -12.0,1.5,-8.5
19:35:07 host: on the pad 2
19:35:10 host: extracting
19:35:11 host: state LairRoom local 1005.2,1.5,1.5
19:35:13 client: state LairRoom local 1005.2,1.5,0.5
19:35:17 client: distance 0.00 from /LairRoom/PlayerSpawns/Spawn2 at 1005.2,0.3,0.5
19:35:17 PASS the client comes home to Lair spawn 2
19:35:19 host: pile 2 GoldDeathMask(Clone) SealedAmphora(Clone)
19:35:19 client: pile 2 GoldDeathMask(Clone) SealedAmphora(Clone)
19:35:19 PASS both see the same pile, grown by the two extracted pieces (0 -> 2)
19:35:22 client: travelled through /LairRoom/MarketDoor to 1100.5,1.3,8.0
19:35:26 client: looking at the Goldsmith from 1103.1,1.5,-2.2
19:35:26 host: put FaienceHippopotamus(Clone)
19:35:30 host: line The Goldsmith: 318 coin.
19:35:30 client: line The Goldsmith: 318 coin.
19:35:30 PASS both see the vendor's opening offer
19:35:31 host before: gold 0 debt 550
19:35:32 client: spoke Plus
19:35:36 host: line The Goldsmith: Very well. 350 coin.
19:35:36 client: line The Goldsmith: Very well. 350 coin.
19:35:36 PASS the client's Plus is answered, and both see the same line
19:35:38 client: spoke Satis
19:35:42 host: line The Goldsmith: 350 coin, counted out. Done.
19:35:42 client: line The Goldsmith: 350 coin, counted out. Done.
19:35:42 PASS the client's Satis sells it, and both see the same line
19:35:43 host after: gold 0 debt 550
19:35:43 PASS the sale banked nothing yet: the host's gold and debt did not move
19:35:46 host: pieces 0
19:35:46 client: pieces 0
19:35:46 PASS the piece is gone on both sides
19:35:47 host: pouches 1 coins 350 mass 3.50 lootvalue False
19:35:47 client: pouches 1 coins 350 mass 3.50 lootvalue False
19:35:48 PASS both see one pouch holding the 350 coins sold, and it is not loot
19:35:49 host before: purse 0 / strongbox 1: purse 0
19:35:50 host: pouch set into strongbox 2 at 1001.2,0.8,1.6
19:35:55 host: pouches 0
19:35:55 client: pouches 0
19:35:55 PASS the pouch is gone on both sides after strongbox 2
19:35:56 host after: purse 350 / strongbox 1: purse 0
19:35:56 PASS purse 2 grew by the 350 coins sold and purse 1 did not
19:35:57 host after the box: gold 0 debt 550
19:35:57 PASS banking the pouch paid no debt: the host's gold and debt did not move (gold 0 debt 550)
19:35:58 host: banked 100 into purse 1
19:35:58 host before setting out: debt 550 purses 100 350 0 0 paid 0 0 0 0 present 1 1 0 0 line The Collector finds the purses empty.
19:36:00 host: state Playing local -8.5,1.5,-12.0
19:36:01 client: state Playing local 1103.1,1.5,-2.2
19:36:01 host after setting out: debt 225 purses 0 75 0 0 paid 100 275 0 0 present 1 1 0 0 line The Collector takes 100 from I, 275 from II.
19:36:02 expected debt 225.0 purses [0, 75] paid [100, 275] share 275
19:36:02 PASS each present wizard paid min(purse, half the debt left), the debt fell by the sum (then +50), and the Collector said so
19:36:05 client ledger: debt 225 purses 0 75 0 0 paid 100 275 0 0 present 1 1 0 0 line The Collector takes 100 from I, 275 from II.
19:36:05 host ledger:   debt 225 purses 0 75 0 0 paid 100 275 0 0 present 1 1 0 0 line The Collector takes 100 from I, 275 from II.
19:36:05 PASS the client's Lair shows the host's ledger exactly, Collector's line included
19:36:06 host book:   book left [<size=130%>Owed</size>/<size=220%>225</size>/the debt grows by 50 each raid it stands//<size=130%>Last raid</size>/Brought home 1,520 coin · 2 left behind] right [<size=130%>Purses</size>/I  Purse 0/    Owes 113  Paid 100/II  Purse 75/    Owes 113  Paid 275//The Collector takes 100 from I, 275 from II.]
19:36:06 client book: book left [<size=130%>Owed</size>/<size=220%>225</size>/the debt grows by 50 each raid it stands//<size=130%>Last raid</size>/Brought home 1,520 coin · 2 left behind] right [<size=130%>Purses</size>/I  Purse 0/    Owes 113  Paid 100/II  Purse 75/    Owes 113  Paid 275//The Collector takes 100 from I, 275 from II.]
19:36:07 PASS the client's ledger book reads exactly as the host's, Collector's line included
19:36:08 client: lair screens shown 1
19:36:11 client's own save after: slot 1 saved debt 840 gold 0 purses 0 0 0 0 paid 0 0 0 0
19:36:11 PASS the client's own save slot is untouched (slot 1 saved debt 840 gold 0 purses 0 0 0 0 paid 0 0 0 0)
19:36:11 host: slot1 debt 650 gold 0 purses 0 0 0 0
19:36:12 PASS the owner's slot 1 is unchanged by the check (slot1 debt 650 gold 0 purses 0 0 0 0)
19:36:12 client log error lines: 0
19:36:12 PASS all Lair checks
19:36:12 cleaning up
19:36:17 active slot 1
