10:57:27 build: yes (auto)
10:57:27 building Build/DevTest
10:57:49 build Succeeded
10:57:57 host: state MainMenu local none
10:57:58 host: state LairRoom local 1005.2,1.5,1.5
10:57:58 client started (pid 20533)
10:58:06 client: state LairRoom local 44.5,1.3,1.6
10:58:09 host: distance 0.00 from /LairRoom/PlayerSpawns/Spawn1 at 1005.2,0.3,1.5
10:58:09 PASS the host stands at Lair spawn 1
10:58:10 client: distance 0.00 from /LairRoom/PlayerSpawns/Spawn2 at 1005.2,0.3,0.5
10:58:10 PASS the client stands at Lair spawn 2
10:58:11 client: travelled through /LairRoom/MarketDoor to 1100.5,1.3,8.0
10:58:14 client: distance 0.00 from /MarketYard/PlayerSpawns/Spawn2 at 1100.5,0.3,8.0
10:58:14 PASS the client's Market door leads to Market spawn 2
10:58:15 host: bodies 1100.5,1.5,8.0; 1005.2,1.5,1.5; 
10:58:15 PASS the host sees the client in the Market
10:58:16 client: travelled through /MarketYard/LairExit to 1001.2,1.3,-3.8
10:58:19 client: distance 0.00 from /LairRoom/MarketDoorArrivals/Spawn2 at 1001.2,0.3,-3.8
10:58:19 PASS the client's way out leads back inside the Lair door
10:58:19 host before: pile 0 
10:58:20 castle: seed 777
10:58:21 host: state Playing local -8.5,1.5,-12.0
10:58:22 client: state Playing local -12.0,1.5,-8.5
10:58:26 host: on the pad 2
10:58:28 host: extracting
10:58:29 host: state LairRoom local 1005.2,1.5,1.5
10:58:30 client: state LairRoom local 1005.2,1.5,0.5
10:58:34 client: distance 0.00 from /LairRoom/PlayerSpawns/Spawn2 at 1005.2,0.3,0.5
10:58:34 PASS the client comes home to Lair spawn 2
10:58:36 host: pile 2 FaienceHippopotamus(Clone) GoldDeathMask(Clone)
10:58:36 client: pile 2 FaienceHippopotamus(Clone) GoldDeathMask(Clone)
10:58:36 PASS both see the same pile, grown by the two extracted pieces (0 -> 2)
10:58:37 client log error lines: 0
10:58:37 PASS all Lair checks
10:58:37 cleaning up
