20:18:55 test slot 99 wiped, owner's slot to restore: 1
20:18:56 before: slot1 debt 500 gold 0 purses 0 0 0 0
20:18:56 build: yes (auto)
20:18:56 building Build/DevTest
20:19:21 build Succeeded
20:19:29 host: state MainMenu local none
20:19:31 host: state LairRoom local 1005.2,1.5,1.5
20:19:31 client started (pid 28439)
20:19:40 client: state LairRoom local 44.5,1.3,1.6
20:19:44 client's own save before: slot 1 saved debt 840 gold 0 purses 0 0 0 0 paid 0 0 0 0
20:19:45 host: distance 0.00 from /LairRoom/PlayerSpawns/Spawn1 at 1005.2,0.3,1.5
20:19:45 PASS the host stands at Lair spawn 1
20:19:46 client: distance 0.00 from /LairRoom/PlayerSpawns/Spawn2 at 1005.2,0.3,0.5
20:19:46 PASS the client stands at Lair spawn 2
20:19:47 client: travelled through /LairRoom/MarketDoor to 1100.5,1.3,8.0
20:19:50 client: distance 0.00 from /MarketYard/PlayerSpawns/Spawn2 at 1100.5,0.3,8.0
20:19:51 PASS the client's Market door leads to Market spawn 2
20:19:51 host: bodies 1005.2,1.5,1.5; 1100.5,1.5,8.0; 
20:19:51 PASS the host sees the client in the Market
20:19:53 client: travelled through /MarketYard/LairExit to 1001.2,1.3,-3.8
20:19:56 client: distance 0.00 from /LairRoom/MarketDoorArrivals/Spawn2 at 1001.2,0.3,-3.8
20:19:56 PASS the client's way out leads back inside the Lair door
20:19:57 host: chose LateMedieval
20:20:02 host: dial LateMedieval [<size=170%>Late Medieval</size>/Stratum III · c. 1450//Fortresses within fortresses, built by men who had you in mind. They hunt in pairs.]
20:20:02 client: dial LateMedieval [<size=170%>Late Medieval</size>/Stratum III · c. 1450//Fortresses within fortresses, built by men who had you in mind. They hunt in pairs.]
20:20:02 PASS the client's dial and plaque follow the host's choice of the Late Medieval
20:20:04 host: chose BronzeAge
20:20:08 client: dial BronzeAge [<size=170%>Bronze Age</size>/Stratum I · c. 1200 BC//Painted plaster, grain stores, and kings who are also gods. Fire runs faster here.]
20:20:08 PASS the client's dial follows the host back to the Bronze Age
20:20:09 host before: pile 0 
20:20:10 castle: seed 777
20:20:11 client: walked into the portal at 1006.6,1.5,0.0
20:20:16 client: portal line alpha 0.00 peak 1.00
20:20:16 PASS the client walking into the portal saw the line at the arch come to full opacity (portal line alpha 0.00 peak 1.00)
20:20:16 PASS the line has faded out again (portal line alpha 0.00 peak 1.00)
20:20:18 host: state LairRoom local 1005.2,1.5,1.5
20:20:18 client: state LairRoom local 1006.6,1.6,0.0
20:20:18 PASS the client at the portal did not start the raid (both still in the Lair room)
20:20:19 host: walked into the portal at 1006.6,1.5,0.0
20:20:19 host: state Playing local -8.5,1.5,-12.0
20:20:21 client: state Playing local -12.0,1.5,-8.5
20:20:25 host: on the pad 2
20:20:27 host: extracting
20:20:28 host: state LairRoom local 1005.2,1.5,1.5
20:20:30 client: state LairRoom local 1005.2,1.5,0.5
20:20:34 client: distance 0.00 from /LairRoom/PlayerSpawns/Spawn2 at 1005.2,0.3,0.5
20:20:34 PASS the client comes home to Lair spawn 2
20:20:36 host: pile 2 RoundShield(Clone) SealedAmphora(Clone)
20:20:36 client: pile 2 RoundShield(Clone) SealedAmphora(Clone)
20:20:36 PASS both see the same pile, grown by the two extracted pieces (0 -> 2)
20:20:39 client: travelled through /LairRoom/MarketDoor to 1100.5,1.3,8.0
20:20:42 client: looking at the Goldsmith from 1103.1,1.5,-2.2
20:20:43 host: put FaienceHippopotamus(Clone)
20:20:47 host: line The Goldsmith: 317 coin.
20:20:47 client: line The Goldsmith: 317 coin.
20:20:48 PASS both see the vendor's opening offer
20:20:48 host before: gold 0 debt 550
20:20:50 client: spoke Plus
20:20:54 host: line The Goldsmith: Very well. 349 coin.
20:20:54 client: line The Goldsmith: Very well. 349 coin.
20:20:54 PASS the client's Plus is answered, and both see the same line
20:20:57 client: spoke Satis
20:21:01 host: line The Goldsmith: 349 coin, counted out. Done.
20:21:01 client: line The Goldsmith: 349 coin, counted out. Done.
20:21:01 PASS the client's Satis sells it, and both see the same line
20:21:02 host after: gold 0 debt 550
20:21:02 PASS the sale banked nothing yet: the host's gold and debt did not move
20:21:05 host: pieces 0
20:21:05 client: pieces 0
20:21:05 PASS the piece is gone on both sides
20:21:08 host: pouches 1 coins 349 mass 3.49 lootvalue False
20:21:08 client: pouches 1 coins 349 mass 3.49 lootvalue False
20:21:08 PASS both see one pouch holding the 349 coins sold, and it is not loot
20:21:09 host before: purse 0 / strongbox 1: purse 0
20:21:10 host: pouch set into strongbox 2 at 1001.2,0.8,1.6
20:21:16 host: pouches 0
20:21:16 client: pouches 0
20:21:16 PASS the pouch is gone on both sides after strongbox 2
20:21:17 host after: purse 349 / strongbox 1: purse 0
20:21:18 PASS purse 2 grew by the 349 coins sold and purse 1 did not
20:21:18 host after the box: gold 0 debt 550
20:21:18 PASS banking the pouch paid no debt: the host's gold and debt did not move (gold 0 debt 550)
20:21:19 host: banked 100 into purse 1
20:21:20 host before setting out: debt 550 purses 100 349 0 0 paid 0 0 0 0 present 1 1 0 0 line The Collector finds the purses empty.
20:21:22 host: state Playing local -8.5,1.5,-12.0
20:21:23 client: state Playing local 1103.1,1.5,-2.2
20:21:24 host after setting out: debt 225 purses 0 74 0 0 paid 100 275 0 0 present 1 1 0 0 line The Collector takes 100 from I, 275 from II.
20:21:24 expected debt 225.0 purses [0, 74] paid [100, 275] share 275
20:21:24 PASS each present wizard paid min(purse, half the debt left), the debt fell by the sum (then +50), and the Collector said so
20:21:28 client ledger: debt 225 purses 0 74 0 0 paid 100 275 0 0 present 1 1 0 0 line The Collector takes 100 from I, 275 from II.
20:21:28 host ledger:   debt 225 purses 0 74 0 0 paid 100 275 0 0 present 1 1 0 0 line The Collector takes 100 from I, 275 from II.
20:21:28 PASS the client's Lair shows the host's ledger exactly, Collector's line included
20:21:30 host book:   book left [<size=130%>Owed</size>/<size=220%>225</size>/the debt grows by 50 each raid it stands//<size=130%>Last raid</size>/Brought home 190 coin · 2 left behind] right [<size=130%>Purses</size>/I  Purse 0/    Owes 113  Paid 100/II  Purse 74/    Owes 113  Paid 275//The Collector takes 100 from I, 275 from II.]
20:21:30 client book: book left [<size=130%>Owed</size>/<size=220%>225</size>/the debt grows by 50 each raid it stands//<size=130%>Last raid</size>/Brought home 190 coin · 2 left behind] right [<size=130%>Purses</size>/I  Purse 0/    Owes 113  Paid 100/II  Purse 74/    Owes 113  Paid 275//The Collector takes 100 from I, 275 from II.]
20:21:30 PASS the client's ledger book reads exactly as the host's, Collector's line included
20:21:31 client's own save after: slot 1 saved debt 840 gold 0 purses 0 0 0 0 paid 0 0 0 0
20:21:31 PASS the client's own save slot is untouched (slot 1 saved debt 840 gold 0 purses 0 0 0 0 paid 0 0 0 0)
20:21:32 host: slot1 debt 500 gold 0 purses 0 0 0 0
20:21:32 PASS the owner's slot 1 is unchanged by the check (slot1 debt 500 gold 0 purses 0 0 0 0)
20:21:32 client log error lines: 0
20:21:32 PASS all Lair checks
20:21:32 cleaning up
20:21:37 active slot 1
