11:28:34 build: no (auto)
11:28:41 host: state MainMenu local none
11:28:42 host: state LairRoom local 1005.2,1.5,1.5
11:28:42 client started (pid 26567)
11:28:51 client: state LairRoom local 1005.2,1.5,0.5
11:28:54 host: distance 0.00 from /LairRoom/PlayerSpawns/Spawn1 at 1005.2,0.3,1.5
11:28:54 PASS the host stands at Lair spawn 1
11:28:55 client: distance 0.00 from /LairRoom/PlayerSpawns/Spawn2 at 1005.2,0.3,0.5
11:28:55 PASS the client stands at Lair spawn 2
11:28:56 client: travelled through /LairRoom/MarketDoor to 1100.5,1.3,8.0
11:28:59 client: distance 0.00 from /MarketYard/PlayerSpawns/Spawn2 at 1100.5,0.3,8.0
11:29:00 PASS the client's Market door leads to Market spawn 2
11:29:00 host: bodies 1100.5,1.5,8.0; 1005.2,1.5,1.5; 
11:29:00 PASS the host sees the client in the Market
11:29:01 client: travelled through /MarketYard/LairExit to 1001.2,1.3,-3.8
11:29:04 client: distance 0.00 from /LairRoom/MarketDoorArrivals/Spawn2 at 1001.2,0.3,-3.8
11:29:04 PASS the client's way out leads back inside the Lair door
11:29:05 host before: pile 8 FaienceHippopotamus(Clone) FaienceHippopotamus(Clone) GoldDeathMask(Clone) GoldDeathMask(Clone) OxhideIngot(Clone) OxhideIngot(Clone) OxhideIngot(Clone) OxhideIngot(Clone)
11:29:06 castle: seed 777
11:29:07 host: state Playing local -8.5,1.5,-12.0
11:29:08 client: state Playing local -12.0,1.5,-8.5
11:29:12 host: on the pad 2
11:29:14 host: extracting
11:29:15 host: state LairRoom local 1005.2,1.5,1.5
11:29:16 client: state LairRoom local 1005.2,1.5,0.5
11:29:20 client: distance 0.00 from /LairRoom/PlayerSpawns/Spawn2 at 1005.2,0.3,0.5
11:29:20 PASS the client comes home to Lair spawn 2
11:29:22 host: pile 10 FaienceHippopotamus(Clone) FaienceHippopotamus(Clone) GoldDeathMask(Clone) GoldDeathMask(Clone) OxhideIngot(Clone) OxhideIngot(Clone) OxhideIngot(Clone) OxhideIngot(Clone) SealedAmphora(Clone) TripodCauldron(Clone)
11:29:22 client: pile 10 FaienceHippopotamus(Clone) FaienceHippopotamus(Clone) GoldDeathMask(Clone) GoldDeathMask(Clone) OxhideIngot(Clone) OxhideIngot(Clone) OxhideIngot(Clone) OxhideIngot(Clone) SealedAmphora(Clone) TripodCauldron(Clone)
11:29:22 PASS both see the same pile, grown by the two extracted pieces (8 -> 10)
11:29:24 client: travelled through /LairRoom/MarketDoor to 1100.5,1.3,8.0
11:29:27 client: looking at the Goldsmith from 1103.1,1.5,-2.2
11:29:28 host: put FaienceHippopotamus(Clone)
11:29:31 host: line The Goldsmith: 363 coin.
11:29:31 client: line The Goldsmith: 363 coin.
11:29:31 PASS both see the vendor's opening offer
11:29:32 host before: gold 750 debt 0
11:29:33 client: spoke Plus
11:29:37 host: line The Goldsmith: Very well. 400 coin.
11:29:37 client: line The Goldsmith: Very well. 400 coin.
11:29:37 PASS the client's Plus is answered, and both see the same line
11:29:39 client: spoke Satis
11:29:42 host: line The Goldsmith: 400 coin, counted out. Done.
11:29:42 client: line The Goldsmith: 400 coin, counted out. Done.
11:29:42 PASS the client's Satis sells it, and both see the same line
11:29:43 host after: gold 1150 debt 0
11:29:43 PASS the host's gold and debt moved by the 400 coins sold
11:29:46 host: pieces 0
11:29:46 client: pieces 0
11:29:46 PASS the piece is gone on both sides
11:29:46 client log error lines: 0
11:29:46 PASS all Lair checks
11:29:46 cleaning up
