11:30:34 build: no (auto)
11:30:42 host: state MainMenu local none
11:30:44 host: state LairRoom local 1005.2,1.5,1.5
11:30:44 client started (pid 27467)
11:30:52 client: state LairRoom local 1005.2,1.5,0.5
11:30:55 host: distance 0.00 from /LairRoom/PlayerSpawns/Spawn1 at 1005.2,0.3,1.5
11:30:55 PASS the host stands at Lair spawn 1
11:30:56 client: distance 0.00 from /LairRoom/PlayerSpawns/Spawn2 at 1005.2,0.3,0.5
11:30:57 PASS the client stands at Lair spawn 2
11:30:58 client: travelled through /LairRoom/MarketDoor to 1100.5,1.3,8.0
11:31:01 client: distance 0.00 from /MarketYard/PlayerSpawns/Spawn2 at 1100.5,0.3,8.0
11:31:01 PASS the client's Market door leads to Market spawn 2
11:31:01 host: bodies 1005.2,1.5,1.5; 1100.5,1.5,8.0; 
11:31:01 PASS the host sees the client in the Market
11:31:02 client: travelled through /MarketYard/LairExit to 1001.2,1.3,-3.8
11:31:06 client: distance 0.00 from /LairRoom/MarketDoorArrivals/Spawn2 at 1001.2,0.3,-3.8
11:31:06 PASS the client's way out leads back inside the Lair door
11:31:06 host before: pile 10 FaienceHippopotamus(Clone) FaienceHippopotamus(Clone) GoldDeathMask(Clone) GoldDeathMask(Clone) OxhideIngot(Clone) OxhideIngot(Clone) OxhideIngot(Clone) OxhideIngot(Clone) SealedAmphora(Clone) TripodCauldron(Clone)
11:31:07 castle: seed 777
11:31:08 host: state Playing local -8.5,1.5,-12.0
11:31:09 client: state Playing local -12.0,1.5,-8.5
11:31:13 host: on the pad 2
11:31:16 host: extracting
11:31:16 host: state LairRoom local 1005.2,1.5,1.5
11:31:18 client: state LairRoom local 1005.2,1.5,0.5
11:31:22 client: distance 0.00 from /LairRoom/PlayerSpawns/Spawn2 at 1005.2,0.3,0.5
11:31:22 PASS the client comes home to Lair spawn 2
11:31:23 host: pile 12 FaienceHippopotamus(Clone) FaienceHippopotamus(Clone) FaienceHippopotamus(Clone) GoldDeathMask(Clone) GoldDeathMask(Clone) GoldDeathMask(Clone) OxhideIngot(Clone) OxhideIngot(Clone) OxhideIngot(Clone) OxhideIngot(Clone) SealedAmphora(Clone) TripodCauldron(Clone)
11:31:23 client: pile 12 FaienceHippopotamus(Clone) FaienceHippopotamus(Clone) FaienceHippopotamus(Clone) GoldDeathMask(Clone) GoldDeathMask(Clone) GoldDeathMask(Clone) OxhideIngot(Clone) OxhideIngot(Clone) OxhideIngot(Clone) OxhideIngot(Clone) SealedAmphora(Clone) TripodCauldron(Clone)
11:31:23 PASS both see the same pile, grown by the two extracted pieces (10 -> 12)
11:31:26 client: travelled through /LairRoom/MarketDoor to 1100.5,1.3,8.0
11:31:29 client: looking at the Goldsmith from 1103.1,1.5,-2.2
11:31:29 host: put FaienceHippopotamus(Clone)
11:31:33 host: line The Goldsmith: 503 coin.
11:31:33 client: line The Goldsmith: 503 coin.
11:31:33 PASS both see the vendor's opening offer
11:31:34 host before: gold 1150 debt 0
11:31:35 client: spoke Plus
11:31:38 host: line The Goldsmith: Very well. 553 coin.
11:31:38 client: line The Goldsmith: Very well. 553 coin.
11:31:38 PASS the client's Plus is answered, and both see the same line
11:31:40 client: spoke Satis
11:31:44 host: line The Goldsmith: 553 coin, counted out. Done.
11:31:44 client: line The Goldsmith: 553 coin, counted out. Done.
11:31:44 PASS the client's Satis sells it, and both see the same line
11:31:45 host after: gold 1703 debt 0
11:31:45 PASS the host's gold and debt moved by the 553 coins sold
11:31:48 host: pieces 0
11:31:48 client: pieces 0
11:31:48 PASS the piece is gone on both sides
11:31:48 client log error lines: 0
11:31:48 PASS all Lair checks
11:31:48 cleaning up
