11:32:07 build: no (auto)
11:32:15 host: state MainMenu local none
11:32:16 host: state LairRoom local 1005.2,1.5,1.5
11:32:16 client started (pid 28364)
11:32:25 client: state LairRoom local 1005.2,1.5,0.5
11:32:28 host: distance 0.00 from /LairRoom/PlayerSpawns/Spawn1 at 1005.2,0.3,1.5
11:32:29 PASS the host stands at Lair spawn 1
11:32:30 client: distance 0.00 from /LairRoom/PlayerSpawns/Spawn2 at 1005.2,0.3,0.5
11:32:30 PASS the client stands at Lair spawn 2
11:32:31 client: travelled through /LairRoom/MarketDoor to 1100.5,1.3,8.0
11:32:34 client: distance 0.00 from /MarketYard/PlayerSpawns/Spawn2 at 1100.5,0.3,8.0
11:32:34 PASS the client's Market door leads to Market spawn 2
11:32:35 host: bodies 1100.5,1.5,8.0; 1005.2,1.5,1.5; 
11:32:35 PASS the host sees the client in the Market
11:32:36 client: travelled through /MarketYard/LairExit to 1001.2,1.3,-3.8
11:32:39 client: distance 0.00 from /LairRoom/MarketDoorArrivals/Spawn2 at 1001.2,0.3,-3.8
11:32:39 PASS the client's way out leads back inside the Lair door
11:32:39 host before: pile 12 FaienceHippopotamus(Clone) FaienceHippopotamus(Clone) FaienceHippopotamus(Clone) GoldDeathMask(Clone) GoldDeathMask(Clone) GoldDeathMask(Clone) OxhideIngot(Clone) OxhideIngot(Clone) OxhideIngot(Clone) OxhideIngot(Clone) SealedAmphora(Clone) TripodCauldron(Clone)
11:32:40 castle: seed 777
11:32:42 host: state Playing local -8.5,1.5,-12.0
11:32:43 client: state Playing local -12.0,1.5,-8.5
11:32:46 host: on the pad 2
11:32:49 host: extracting
11:32:50 host: state LairRoom local 1005.2,1.5,1.5
11:32:51 client: state LairRoom local 1005.2,1.5,0.5
11:32:55 client: distance 0.00 from /LairRoom/PlayerSpawns/Spawn2 at 1005.2,0.3,0.5
11:32:55 PASS the client comes home to Lair spawn 2
11:32:57 host: pile 14 FaienceHippopotamus(Clone) FaienceHippopotamus(Clone) FaienceHippopotamus(Clone) FaienceHippopotamus(Clone) GoldDeathMask(Clone) GoldDeathMask(Clone) GoldDeathMask(Clone) OxhideIngot(Clone) OxhideIngot(Clone) OxhideIngot(Clone) OxhideIngot(Clone) SealedAmphora(Clone) SealedAmphora(Clone) TripodCauldron(Clone)
11:32:57 client: pile 14 FaienceHippopotamus(Clone) FaienceHippopotamus(Clone) FaienceHippopotamus(Clone) FaienceHippopotamus(Clone) GoldDeathMask(Clone) GoldDeathMask(Clone) GoldDeathMask(Clone) OxhideIngot(Clone) OxhideIngot(Clone) OxhideIngot(Clone) OxhideIngot(Clone) SealedAmphora(Clone) SealedAmphora(Clone) TripodCauldron(Clone)
11:32:57 PASS both see the same pile, grown by the two extracted pieces (12 -> 14)
11:32:59 client: travelled through /LairRoom/MarketDoor to 1100.5,1.3,8.0
11:33:02 client: looking at the Goldsmith from 1103.1,1.5,-2.2
11:33:03 host: put FaienceHippopotamus(Clone)
11:33:07 host: line The Goldsmith: 443 coin.
11:33:07 client: line The Goldsmith: 443 coin.
11:33:07 PASS both see the vendor's opening offer
11:33:08 host before: gold 1703 debt 0
11:33:09 client: spoke Plus
11:33:12 host: line The Goldsmith: Very well. 488 coin.
11:33:12 client: line The Goldsmith: Very well. 488 coin.
11:33:12 PASS the client's Plus is answered, and both see the same line
11:33:15 client: spoke Satis
11:33:18 host: line The Goldsmith: 488 coin, counted out. Done.
11:33:18 client: line The Goldsmith: 488 coin, counted out. Done.
11:33:18 PASS the client's Satis sells it, and both see the same line
11:33:19 host after: gold 2191 debt 0
11:33:19 PASS the host's gold and debt moved by the 488 coins sold
11:33:22 host: pieces 0
11:33:22 client: pieces 0
11:33:22 PASS the piece is gone on both sides
11:33:22 client log error lines: 0
11:33:22 PASS all Lair checks
11:33:22 cleaning up
