20:50:54 test slot 99 wiped, owner's slot to restore: 1
20:50:55 before: slot1 debt 550 gold 0 purses 0 0 0 0
20:50:55 build: yes (auto)
20:50:55 building Build/DevTest
20:51:24 build Succeeded
20:51:35 host: state MainMenu local none
20:51:37 host: state LairRoom local 1005.2,1.5,1.5
20:51:37 client started (pid 36360)
20:51:45 client: state LairRoom local 44.5,1.3,1.6
20:51:49 client's own save before: slot 1 saved debt 840 gold 0 purses 0 0 0 0 paid 0 0 0 0
20:51:50 host: distance 0.00 from /LairRoom/PlayerSpawns/Spawn1 at 1005.2,0.3,1.5
20:51:50 PASS the host stands at Lair spawn 1
20:51:51 client: distance 0.00 from /LairRoom/PlayerSpawns/Spawn2 at 1005.2,0.3,0.5
20:51:51 PASS the client stands at Lair spawn 2
20:51:53 client: travelled through /LairRoom/MarketDoor to 1100.5,1.3,8.0
20:51:56 client: distance 0.00 from /MarketYard/PlayerSpawns/Spawn2 at 1100.5,0.3,8.0
20:51:56 PASS the client's Market door leads to Market spawn 2
20:51:57 host: bodies 1100.5,1.5,8.0; 1005.2,1.5,1.5; 
20:51:57 PASS the host sees the client in the Market
20:51:58 client: travelled through /MarketYard/LairExit to 1001.2,1.3,-3.8
20:52:01 client: distance 0.00 from /LairRoom/MarketDoorArrivals/Spawn2 at 1001.2,0.3,-3.8
20:52:01 PASS the client's way out leads back inside the Lair door
20:52:02 host: chose LateMedieval
20:52:07 host: dial LateMedieval [<size=170%>Late Medieval</size>/Stratum III · c. 1450//Fortresses within fortresses, built by men who had you in mind. They hunt in pairs.]
20:52:07 client: dial LateMedieval [<size=170%>Late Medieval</size>/Stratum III · c. 1450//Fortresses within fortresses, built by men who had you in mind. They hunt in pairs.]
20:52:07 PASS the client's dial and plaque follow the host's choice of the Late Medieval
20:52:09 host: chose BronzeAge
20:52:14 client: dial BronzeAge [<size=170%>Bronze Age</size>/Stratum I · c. 1200 BC//Painted plaster, grain stores, and kings who are also gods. Fire runs faster here.]
20:52:14 PASS the client's dial follows the host back to the Bronze Age
20:52:14 host before: pile 0 
20:52:15 castle: seed 777
20:52:16 client: walked into the portal at 1006.6,1.5,0.0
20:52:21 client: portal line alpha 0.00 peak 1.00
20:52:21 PASS the client walking into the portal saw the line at the arch come to full opacity (portal line alpha 0.00 peak 1.00)
20:52:21 PASS the line has faded out again (portal line alpha 0.00 peak 1.00)
20:52:23 host: state LairRoom local 1005.2,1.5,1.5
20:52:23 client: state LairRoom local 1006.6,1.6,0.0
20:52:23 PASS the client at the portal did not start the raid (both still in the Lair room)
20:52:24 host: walked into the portal at 1006.6,1.5,0.0
20:52:25 host: state Playing local -8.5,1.5,-12.0
20:52:26 client: state Playing local -12.0,1.5,-8.5
20:52:30 host: on the pad 2
20:52:33 host: extracting
20:52:34 host: state LairRoom local 1005.2,1.5,1.5
20:52:35 client: state LairRoom local 1005.2,1.5,0.5
20:52:39 client: distance 0.00 from /LairRoom/PlayerSpawns/Spawn2 at 1005.2,0.3,0.5
20:52:39 PASS the client comes home to Lair spawn 2
20:52:41 host: pile 2 FaienceHippopotamus(Clone) TripodCauldron(Clone)
20:52:41 client: pile 2 FaienceHippopotamus(Clone) TripodCauldron(Clone)
20:52:41 PASS both see the same pile, grown by the two extracted pieces (0 -> 2)
20:52:44 client: travelled through /LairRoom/MarketDoor to 1100.5,1.3,8.0
20:52:47 client: looking at the Goldsmith from 1103.1,1.5,-2.2
20:52:48 host: put FaienceHippopotamus(Clone)
20:52:52 host: line The Goldsmith | 310 coin. | <size=60%>1 Plus · 2 Satis · 3 Vale</size>
20:52:52 client: line The Goldsmith | 310 coin. | <size=60%>1 Plus · 2 Satis · 3 Vale</size>
20:52:52 PASS both see the vendor's opening offer
20:52:53 host before: gold 0 debt 550
20:52:54 client: spoke Plus
20:52:59 host: line The Goldsmith | Very well. 341 coin. | <size=60%>1 Plus · 2 Satis · 3 Vale</size>
20:52:59 client: line The Goldsmith | Very well. 341 coin. | <size=60%>1 Plus · 2 Satis · 3 Vale</size>
20:52:59 PASS the client's Plus is answered, and both see the same line
20:53:01 client: spoke Satis
20:53:05 host: line The Goldsmith | 341 coin, counted out. Done.
20:53:06 client: line The Goldsmith | 341 coin, counted out. Done.
20:53:06 PASS the client's Satis sells it, and both see the same line
20:53:06 host after: gold 0 debt 550
20:53:06 PASS the sale banked nothing yet: the host's gold and debt did not move
20:53:10 host: pieces 0
20:53:10 client: pieces 0
20:53:10 PASS the piece is gone on both sides
20:53:12 host: pouches 1 coins 341 mass 3.41 lootvalue False
20:53:12 client: pouches 1 coins 341 mass 3.41 lootvalue False
20:53:12 PASS both see one pouch holding the 341 coins sold, and it is not loot
20:53:14 host before: purse 0 / strongbox 1: purse 0
20:53:15 host: pouch set into strongbox 2 at 1001.2,0.8,1.6
20:53:20 host: pouches 0
20:53:20 client: pouches 0
20:53:20 PASS the pouch is gone on both sides after strongbox 2
20:53:22 host after: purse 341 / strongbox 1: purse 0
20:53:22 PASS purse 2 grew by the 341 coins sold and purse 1 did not
20:53:22 host after the box: gold 0 debt 550
20:53:22 PASS banking the pouch paid no debt: the host's gold and debt did not move (gold 0 debt 550)
20:53:23 host: banked 100 into purse 1
20:53:24 host before setting out: debt 550 purses 100 341 0 0 paid 0 0 0 0 present 1 1 0 0 line The Collector finds the purses empty.
20:53:26 host: state Playing local -8.5,1.5,-12.0
20:53:27 client: state Playing local 1103.1,1.5,-2.2
20:53:28 host after setting out: debt 225 purses 0 66 0 0 paid 100 275 0 0 present 1 1 0 0 line The Collector takes 100 from I, 275 from II.
20:53:28 expected debt 225.0 purses [0, 66] paid [100, 275] share 275
20:53:28 PASS each present wizard paid min(purse, half the debt left), the debt fell by the sum (then +50), and the Collector said so
20:53:32 client ledger: debt 225 purses 0 66 0 0 paid 100 275 0 0 present 1 1 0 0 line The Collector takes 100 from I, 275 from II.
20:53:32 host ledger:   debt 225 purses 0 66 0 0 paid 100 275 0 0 present 1 1 0 0 line The Collector takes 100 from I, 275 from II.
20:53:32 PASS the client's Lair shows the host's ledger exactly, Collector's line included
20:53:34 host book:   book left [<size=130%>Owed</size>/<size=220%>225</size>/the debt grows by 50 each raid it stands//<size=130%>Last raid</size>/Brought home 1,700 coin · 2 left behind] right [<size=130%>Purses</size>/I  Purse 0/    Owes 113  Paid 100/II  Purse 66/    Owes 113  Paid 275//The Collector takes 100 from I, 275 from II.]
20:53:34 client book: book left [<size=130%>Owed</size>/<size=220%>225</size>/the debt grows by 50 each raid it stands//<size=130%>Last raid</size>/Brought home 1,700 coin · 2 left behind] right [<size=130%>Purses</size>/I  Purse 0/    Owes 113  Paid 100/II  Purse 66/    Owes 113  Paid 275//The Collector takes 100 from I, 275 from II.]
20:53:34 PASS the client's ledger book reads exactly as the host's, Collector's line included
20:53:35 client's own save after: slot 1 saved debt 840 gold 0 purses 0 0 0 0 paid 0 0 0 0
20:53:35 PASS the client's own save slot is untouched (slot 1 saved debt 840 gold 0 purses 0 0 0 0 paid 0 0 0 0)
20:53:36 host: slot1 debt 550 gold 0 purses 0 0 0 0
20:53:36 PASS the owner's slot 1 is unchanged by the check (slot1 debt 550 gold 0 purses 0 0 0 0)
20:53:36 client log error lines: 0
20:53:36 PASS all Lair checks
20:53:36 cleaning up
20:53:42 active slot 1
