13:20:41 test slot 99 wiped, owner's slot to restore: 1
13:20:41 build: no (auto)
13:20:51 host: state MainMenu local none
13:20:53 host: state LairRoom local 1005.2,1.5,1.5
13:20:53 client started (pid 39015)
13:21:02 client: state LairRoom local 1005.2,1.5,0.5
13:21:06 host: distance 0.00 from /LairRoom/PlayerSpawns/Spawn1 at 1005.2,0.3,1.5
13:21:06 PASS the host stands at Lair spawn 1
13:21:07 client: distance 0.00 from /LairRoom/PlayerSpawns/Spawn2 at 1005.2,0.3,0.5
13:21:07 PASS the client stands at Lair spawn 2
13:21:08 client: travelled through /LairRoom/MarketDoor to 1100.5,1.3,8.0
13:21:11 client: distance 0.00 from /MarketYard/PlayerSpawns/Spawn2 at 1100.5,0.3,8.0
13:21:11 PASS the client's Market door leads to Market spawn 2
13:21:12 host: bodies 1005.2,1.5,1.5; 1100.5,1.5,8.0; 
13:21:12 PASS the host sees the client in the Market
13:21:13 client: travelled through /MarketYard/LairExit to 1001.2,1.3,-3.8
13:21:17 client: distance 0.00 from /LairRoom/MarketDoorArrivals/Spawn2 at 1001.2,0.3,-3.8
13:21:17 PASS the client's way out leads back inside the Lair door
13:21:18 host before: pile 0 
13:21:18 castle: seed 777
13:21:20 host: state Playing local -8.5,1.5,-12.0
13:21:21 client: state Playing local -12.0,1.5,-8.5
13:21:25 host: on the pad 2
13:21:28 host: extracting
13:21:29 host: state LairRoom local 1005.2,1.5,1.5
13:21:30 client: state LairRoom local 1005.2,1.5,0.5
13:21:34 client: distance 0.00 from /LairRoom/PlayerSpawns/Spawn2 at 1005.2,0.3,0.5
13:21:34 PASS the client comes home to Lair spawn 2
13:21:36 host: pile 2 BronzeSword(Clone) FaienceHippopotamus(Clone)
13:21:36 client: pile 2 BronzeSword(Clone) FaienceHippopotamus(Clone)
13:21:36 PASS both see the same pile, grown by the two extracted pieces (0 -> 2)
13:21:39 client: travelled through /LairRoom/MarketDoor to 1100.5,1.3,8.0
13:21:42 client: looking at the Goldsmith from 1103.1,1.5,-2.2
13:21:43 host: put FaienceHippopotamus(Clone)
13:21:47 host: line The Goldsmith: 325 coin.
13:21:47 client: line The Goldsmith: 325 coin.
13:21:47 PASS both see the vendor's opening offer
13:21:48 host before: gold 0 debt 550
13:21:49 client: spoke Plus
13:21:53 host: line The Goldsmith: Very well. 357 coin.
13:21:53 client: line The Goldsmith: Very well. 357 coin.
13:21:53 PASS the client's Plus is answered, and both see the same line
13:21:55 client: spoke Satis
13:21:59 host: line The Goldsmith: 357 coin, counted out. Done.
13:21:59 client: line The Goldsmith: 357 coin, counted out. Done.
13:21:59 PASS the client's Satis sells it, and both see the same line
13:22:00 host after: gold 0 debt 193
13:22:00 PASS the host's gold and debt moved by the 357 coins sold
13:22:03 host: pieces 0
13:22:03 client: pieces 0
13:22:03 PASS the piece is gone on both sides
13:22:03 client log error lines: 0
13:22:03 PASS all Lair checks
13:22:04 cleaning up
13:22:09 active slot 1
