10:03:00 build: no (auto)
10:03:07 host: state MainMenu local none
10:03:08 host: state LairRoom local 1005.2,1.5,1.5
10:03:08 client started (pid 12977)
10:03:16 client: state LairRoom local 1005.2,1.5,0.5
10:03:20 host: distance 0.00 from /LairRoom/PlayerSpawns/Spawn1 at 1005.2,0.3,1.5
10:03:20 PASS the host stands at Lair spawn 1
10:03:21 client: distance 0.00 from /LairRoom/PlayerSpawns/Spawn2 at 1005.2,0.3,0.5
10:03:21 PASS the client stands at Lair spawn 2
10:03:22 client: travelled through /LairRoom/MarketDoor to 1100.5,1.3,8.0
10:03:25 client: distance 0.00 from /MarketYard/PlayerSpawns/Spawn2 at 1100.5,0.3,8.0
10:03:25 PASS the client's Market door leads to Market spawn 2
10:03:25 host: bodies 1005.2,1.5,1.5; 1100.5,1.5,8.0; 
10:03:25 PASS the host sees the client in the Market
10:03:26 client: travelled through /MarketYard/LairExit to 1001.2,1.3,-3.8
10:03:29 client: distance 0.00 from /LairRoom/MarketDoorArrivals/Spawn2 at 1001.2,0.3,-3.8
10:03:29 PASS the client's way out leads back inside the Lair door
10:03:30 castle: seed 777
10:03:31 host: state Playing local -8.5,1.5,-12.0
10:03:32 client: state Playing local -12.0,1.5,-8.5
10:03:36 host: on the pad 2
10:03:39 host: extracting
10:03:39 host: state LairRoom local 1005.2,1.5,1.5
10:03:40 client: state LairRoom local 1005.2,1.5,0.5
10:03:44 client: distance 0.00 from /LairRoom/PlayerSpawns/Spawn2 at 1005.2,0.3,0.5
10:03:44 PASS the client comes home to Lair spawn 2
10:03:46 host: pile 2 CabinetOfCuriosities(Clone) VenetianMirror(Clone)
10:03:46 client: pile 2 CabinetOfCuriosities(Clone) VenetianMirror(Clone)
10:03:46 PASS both see the same two-piece haul pile
10:03:47 client log error lines: 0
10:03:47 PASS all Lair checks
10:03:47 cleaning up
